------------------------------------------------------------
TimeQuest Timing Analyzer Summary
------------------------------------------------------------

Type  : Slow 1200mV 85C Model Setup 'u0|altpll_0|sd1|pll7|clk[2]'
Slack : -27.850
TNS   : -8494.949

Type  : Slow 1200mV 85C Model Setup 'clk_dram_ext'
Slack : 3.916
TNS   : 0.000

Type  : Slow 1200mV 85C Model Setup 'MAX10_CLK1_50'
Slack : 4.797
TNS   : 0.000

Type  : Slow 1200mV 85C Model Setup 'MAX10_CLK2_50'
Slack : 5.187
TNS   : 0.000

Type  : Slow 1200mV 85C Model Setup 'MIPI_PIXEL_CLK'
Slack : 12.556
TNS   : 0.000

Type  : Slow 1200mV 85C Model Setup 'u0|altpll_0|sd1|pll7|clk[3]'
Slack : 30.965
TNS   : 0.000

Type  : Slow 1200mV 85C Model Setup 'altera_reserved_tck'
Slack : 44.058
TNS   : 0.000

Type  : Slow 1200mV 85C Model Hold 'MAX10_CLK1_50'
Slack : 0.235
TNS   : 0.000

Type  : Slow 1200mV 85C Model Hold 'u0|altpll_0|sd1|pll7|clk[2]'
Slack : 0.339
TNS   : 0.000

Type  : Slow 1200mV 85C Model Hold 'u0|altpll_0|sd1|pll7|clk[3]'
Slack : 0.341
TNS   : 0.000

Type  : Slow 1200mV 85C Model Hold 'altera_reserved_tck'
Slack : 0.347
TNS   : 0.000

Type  : Slow 1200mV 85C Model Hold 'MAX10_CLK2_50'
Slack : 0.348
TNS   : 0.000

Type  : Slow 1200mV 85C Model Hold 'MIPI_PIXEL_CLK'
Slack : 0.378
TNS   : 0.000

Type  : Slow 1200mV 85C Model Hold 'clk_dram_ext'
Slack : 2.188
TNS   : 0.000

Type  : Slow 1200mV 85C Model Recovery 'u0|altpll_0|sd1|pll7|clk[2]'
Slack : 0.416
TNS   : 0.000

Type  : Slow 1200mV 85C Model Recovery 'u0|altpll_0|sd1|pll7|clk[3]'
Slack : 1.596
TNS   : 0.000

Type  : Slow 1200mV 85C Model Recovery 'MAX10_CLK1_50'
Slack : 4.035
TNS   : 0.000

Type  : Slow 1200mV 85C Model Recovery 'MIPI_PIXEL_CLK'
Slack : 36.883
TNS   : 0.000

Type  : Slow 1200mV 85C Model Recovery 'altera_reserved_tck'
Slack : 48.249
TNS   : 0.000

Type  : Slow 1200mV 85C Model Removal 'u0|altpll_0|sd1|pll7|clk[3]'
Slack : 0.930
TNS   : 0.000

Type  : Slow 1200mV 85C Model Removal 'altera_reserved_tck'
Slack : 1.120
TNS   : 0.000

Type  : Slow 1200mV 85C Model Removal 'MAX10_CLK1_50'
Slack : 1.406
TNS   : 0.000

Type  : Slow 1200mV 85C Model Removal 'MIPI_PIXEL_CLK'
Slack : 1.580
TNS   : 0.000

Type  : Slow 1200mV 85C Model Removal 'u0|altpll_0|sd1|pll7|clk[2]'
Slack : 3.045
TNS   : 0.000

Type  : Slow 1200mV 85C Model Minimum Pulse Width 'u0|altpll_0|sd1|pll7|clk[2]'
Slack : 4.673
TNS   : 0.000

Type  : Slow 1200mV 85C Model Minimum Pulse Width 'u0|altpll_0|sd1|pll7|clk[1]'
Slack : 4.853
TNS   : 0.000

Type  : Slow 1200mV 85C Model Minimum Pulse Width 'clk_dram_ext'
Slack : 5.790
TNS   : 0.000

Type  : Slow 1200mV 85C Model Minimum Pulse Width 'MAX10_CLK1_50'
Slack : 9.433
TNS   : 0.000

Type  : Slow 1200mV 85C Model Minimum Pulse Width 'MAX10_CLK2_50'
Slack : 9.660
TNS   : 0.000

Type  : Slow 1200mV 85C Model Minimum Pulse Width 'MIPI_PIXEL_CLK'
Slack : 19.570
TNS   : 0.000

Type  : Slow 1200mV 85C Model Minimum Pulse Width 'u0|altpll_0|sd1|pll7|clk[3]'
Slack : 19.703
TNS   : 0.000

Type  : Slow 1200mV 85C Model Minimum Pulse Width 'altera_reserved_tck'
Slack : 49.617
TNS   : 0.000

Type  : Slow 1200mV 85C Model Minimum Pulse Width 'ADC_CLK_10'
Slack : 96.000
TNS   : 0.000

Type  : Slow 1200mV 0C Model Setup 'u0|altpll_0|sd1|pll7|clk[2]'
Slack : -24.351
TNS   : -6326.143

Type  : Slow 1200mV 0C Model Setup 'clk_dram_ext'
Slack : 4.035
TNS   : 0.000

Type  : Slow 1200mV 0C Model Setup 'MAX10_CLK2_50'
Slack : 5.737
TNS   : 0.000

Type  : Slow 1200mV 0C Model Setup 'MAX10_CLK1_50'
Slack : 5.967
TNS   : 0.000

Type  : Slow 1200mV 0C Model Setup 'MIPI_PIXEL_CLK'
Slack : 12.726
TNS   : 0.000

Type  : Slow 1200mV 0C Model Setup 'u0|altpll_0|sd1|pll7|clk[3]'
Slack : 31.728
TNS   : 0.000

Type  : Slow 1200mV 0C Model Setup 'altera_reserved_tck'
Slack : 44.516
TNS   : 0.000

Type  : Slow 1200mV 0C Model Hold 'MAX10_CLK1_50'
Slack : 0.236
TNS   : 0.000

Type  : Slow 1200mV 0C Model Hold 'u0|altpll_0|sd1|pll7|clk[2]'
Slack : 0.304
TNS   : 0.000

Type  : Slow 1200mV 0C Model Hold 'u0|altpll_0|sd1|pll7|clk[3]'
Slack : 0.306
TNS   : 0.000

Type  : Slow 1200mV 0C Model Hold 'altera_reserved_tck'
Slack : 0.311
TNS   : 0.000

Type  : Slow 1200mV 0C Model Hold 'MAX10_CLK2_50'
Slack : 0.312
TNS   : 0.000

Type  : Slow 1200mV 0C Model Hold 'MIPI_PIXEL_CLK'
Slack : 0.338
TNS   : 0.000

Type  : Slow 1200mV 0C Model Hold 'clk_dram_ext'
Slack : 2.135
TNS   : 0.000

Type  : Slow 1200mV 0C Model Recovery 'u0|altpll_0|sd1|pll7|clk[2]'
Slack : 1.251
TNS   : 0.000

Type  : Slow 1200mV 0C Model Recovery 'u0|altpll_0|sd1|pll7|clk[3]'
Slack : 2.251
TNS   : 0.000

Type  : Slow 1200mV 0C Model Recovery 'MAX10_CLK1_50'
Slack : 4.143
TNS   : 0.000

Type  : Slow 1200mV 0C Model Recovery 'MIPI_PIXEL_CLK'
Slack : 37.092
TNS   : 0.000

Type  : Slow 1200mV 0C Model Recovery 'altera_reserved_tck'
Slack : 48.407
TNS   : 0.000

Type  : Slow 1200mV 0C Model Removal 'u0|altpll_0|sd1|pll7|clk[3]'
Slack : 0.856
TNS   : 0.000

Type  : Slow 1200mV 0C Model Removal 'altera_reserved_tck'
Slack : 1.042
TNS   : 0.000

Type  : Slow 1200mV 0C Model Removal 'MAX10_CLK1_50'
Slack : 1.266
TNS   : 0.000

Type  : Slow 1200mV 0C Model Removal 'MIPI_PIXEL_CLK'
Slack : 1.437
TNS   : 0.000

Type  : Slow 1200mV 0C Model Removal 'u0|altpll_0|sd1|pll7|clk[2]'
Slack : 2.741
TNS   : 0.000

Type  : Slow 1200mV 0C Model Minimum Pulse Width 'u0|altpll_0|sd1|pll7|clk[2]'
Slack : 4.692
TNS   : 0.000

Type  : Slow 1200mV 0C Model Minimum Pulse Width 'u0|altpll_0|sd1|pll7|clk[1]'
Slack : 4.876
TNS   : 0.000

Type  : Slow 1200mV 0C Model Minimum Pulse Width 'clk_dram_ext'
Slack : 5.790
TNS   : 0.000

Type  : Slow 1200mV 0C Model Minimum Pulse Width 'MAX10_CLK1_50'
Slack : 9.444
TNS   : 0.000

Type  : Slow 1200mV 0C Model Minimum Pulse Width 'MAX10_CLK2_50'
Slack : 9.668
TNS   : 0.000

Type  : Slow 1200mV 0C Model Minimum Pulse Width 'MIPI_PIXEL_CLK'
Slack : 19.654
TNS   : 0.000

Type  : Slow 1200mV 0C Model Minimum Pulse Width 'u0|altpll_0|sd1|pll7|clk[3]'
Slack : 19.698
TNS   : 0.000

Type  : Slow 1200mV 0C Model Minimum Pulse Width 'altera_reserved_tck'
Slack : 49.642
TNS   : 0.000

Type  : Slow 1200mV 0C Model Minimum Pulse Width 'ADC_CLK_10'
Slack : 96.000
TNS   : 0.000

Type  : Fast 1200mV 0C Model Setup 'u0|altpll_0|sd1|pll7|clk[2]'
Slack : -5.157
TNS   : -46.219

Type  : Fast 1200mV 0C Model Setup 'clk_dram_ext'
Slack : 3.996
TNS   : 0.000

Type  : Fast 1200mV 0C Model Setup 'MAX10_CLK2_50'
Slack : 9.406
TNS   : 0.000

Type  : Fast 1200mV 0C Model Setup 'MAX10_CLK1_50'
Slack : 13.062
TNS   : 0.000

Type  : Fast 1200mV 0C Model Setup 'MIPI_PIXEL_CLK'
Slack : 13.306
TNS   : 0.000

Type  : Fast 1200mV 0C Model Setup 'u0|altpll_0|sd1|pll7|clk[3]'
Slack : 36.171
TNS   : 0.000

Type  : Fast 1200mV 0C Model Setup 'altera_reserved_tck'
Slack : 47.725
TNS   : 0.000

Type  : Fast 1200mV 0C Model Hold 'MAX10_CLK1_50'
Slack : 0.089
TNS   : 0.000

Type  : Fast 1200mV 0C Model Hold 'u0|altpll_0|sd1|pll7|clk[2]'
Slack : 0.147
TNS   : 0.000

Type  : Fast 1200mV 0C Model Hold 'u0|altpll_0|sd1|pll7|clk[3]'
Slack : 0.148
TNS   : 0.000

Type  : Fast 1200mV 0C Model Hold 'altera_reserved_tck'
Slack : 0.151
TNS   : 0.000

Type  : Fast 1200mV 0C Model Hold 'MAX10_CLK2_50'
Slack : 0.152
TNS   : 0.000

Type  : Fast 1200mV 0C Model Hold 'MIPI_PIXEL_CLK'
Slack : 0.165
TNS   : 0.000

Type  : Fast 1200mV 0C Model Hold 'clk_dram_ext'
Slack : 1.844
TNS   : 0.000

Type  : Fast 1200mV 0C Model Recovery 'u0|altpll_0|sd1|pll7|clk[2]'
Slack : 5.274
TNS   : 0.000

Type  : Fast 1200mV 0C Model Recovery 'u0|altpll_0|sd1|pll7|clk[3]'
Slack : 5.707
TNS   : 0.000

Type  : Fast 1200mV 0C Model Recovery 'MAX10_CLK1_50'
Slack : 6.810
TNS   : 0.000

Type  : Fast 1200mV 0C Model Recovery 'MIPI_PIXEL_CLK'
Slack : 38.617
TNS   : 0.000

Type  : Fast 1200mV 0C Model Recovery 'altera_reserved_tck'
Slack : 49.459
TNS   : 0.000

Type  : Fast 1200mV 0C Model Removal 'u0|altpll_0|sd1|pll7|clk[3]'
Slack : 0.406
TNS   : 0.000

Type  : Fast 1200mV 0C Model Removal 'altera_reserved_tck'
Slack : 0.484
TNS   : 0.000

Type  : Fast 1200mV 0C Model Removal 'MAX10_CLK1_50'
Slack : 0.597
TNS   : 0.000

Type  : Fast 1200mV 0C Model Removal 'MIPI_PIXEL_CLK'
Slack : 0.691
TNS   : 0.000

Type  : Fast 1200mV 0C Model Removal 'u0|altpll_0|sd1|pll7|clk[2]'
Slack : 1.281
TNS   : 0.000

Type  : Fast 1200mV 0C Model Minimum Pulse Width 'clk_dram_ext'
Slack : 2.000
TNS   : 0.000

Type  : Fast 1200mV 0C Model Minimum Pulse Width 'u0|altpll_0|sd1|pll7|clk[1]'
Slack : 2.000
TNS   : 0.000

Type  : Fast 1200mV 0C Model Minimum Pulse Width 'u0|altpll_0|sd1|pll7|clk[2]'
Slack : 4.712
TNS   : 0.000

Type  : Fast 1200mV 0C Model Minimum Pulse Width 'MAX10_CLK1_50'
Slack : 9.263
TNS   : 0.000

Type  : Fast 1200mV 0C Model Minimum Pulse Width 'MAX10_CLK2_50'
Slack : 9.331
TNS   : 0.000

Type  : Fast 1200mV 0C Model Minimum Pulse Width 'MIPI_PIXEL_CLK'
Slack : 19.178
TNS   : 0.000

Type  : Fast 1200mV 0C Model Minimum Pulse Width 'u0|altpll_0|sd1|pll7|clk[3]'
Slack : 19.729
TNS   : 0.000

Type  : Fast 1200mV 0C Model Minimum Pulse Width 'altera_reserved_tck'
Slack : 49.419
TNS   : 0.000

Type  : Fast 1200mV 0C Model Minimum Pulse Width 'ADC_CLK_10'
Slack : 96.000
TNS   : 0.000

------------------------------------------------------------
